[keywords] vocabulary self-check
18469/18469 rows correct (40 keywords)
[extract] features + keyword labels
[extract] 18469 files -> 250 frames, workers=24
[extract] 2000/18469
[extract] 4000/18469
[extract] 6000/18469
[extract] 8000/18469
[extract] 10000/18469
[extract] 12000/18469
[extract] 14000/18469
[extract] 16000/18469
[extract] 18000/18469
{
  "0": 14752,
  "1": 1875,
  "2": 1842
}
[extract] wrote (18469, 40, 250) to /home/rhei.joven.juan/rapi_vcm/feat
[train] keyword spotter (1 GPU)
[train] CUDA_VISIBLE_DEVICES=1 device=cuda n_gpu=1
[train] using GPU 0 -> NVIDIA A100-SXM4-40GB
[train] train=14752 val=1875 keywords=40
[train] pos_weight max=34.72 mean=26.01
[train] parameters=123496
[001/60] loss=1.3221 val_loss=1.2875 intent=0.1291 slot=0.0331 exact=0.0000 mf1=0.1298 lr=3.14e-04 (12.7s)
[002/60] loss=1.1806 val_loss=1.0916 intent=0.1365 slot=0.0427 exact=0.0000 mf1=0.1458 lr=8.44e-04 (3.3s)
[003/60] loss=0.9906 val_loss=0.9020 intent=0.1483 slot=0.0341 exact=0.0000 mf1=0.2085 lr=1.57e-03 (3.4s)
[004/60] loss=0.8164 val_loss=0.6984 intent=0.2405 slot=0.2987 exact=0.0005 mf1=0.2778 lr=2.29e-03 (3.5s)
[005/60] loss=0.6477 val_loss=0.4962 intent=0.4763 slot=0.4613 exact=0.0048 mf1=0.3704 lr=2.81e-03 (3.4s)
[006/60] loss=0.4558 val_loss=0.3546 intent=0.5675 slot=0.4853 exact=0.0171 mf1=0.4984 lr=3.00e-03 (3.2s)
[007/60] loss=0.3321 val_loss=0.2970 intent=0.6528 slot=0.4891 exact=0.0560 mf1=0.5943 lr=3.00e-03 (3.7s)
[008/60] loss=0.2604 val_loss=0.2053 intent=0.7179 slot=0.5339 exact=0.0976 mf1=0.6351 lr=2.99e-03 (3.2s)
[009/60] loss=0.2095 val_loss=0.1555 intent=0.7536 slot=0.5957 exact=0.1195 mf1=0.6565 lr=2.98e-03 (3.3s)
[010/60] loss=0.1711 val_loss=0.1357 intent=0.8293 slot=0.6245 exact=0.2261 mf1=0.7257 lr=2.96e-03 (3.3s)
[011/60] loss=0.1453 val_loss=0.1156 intent=0.8693 slot=0.7024 exact=0.3339 mf1=0.7636 lr=2.94e-03 (3.6s)
[012/60] loss=0.1254 val_loss=0.1041 intent=0.8981 slot=0.7733 exact=0.4432 mf1=0.8064 lr=2.91e-03 (3.2s)
[013/60] loss=0.1026 val_loss=0.0881 intent=0.8949 slot=0.7840 exact=0.4624 mf1=0.8223 lr=2.88e-03 (3.1s)
[014/60] loss=0.0931 val_loss=0.0943 intent=0.8853 slot=0.8475 exact=0.5275 mf1=0.8396 lr=2.84e-03 (3.1s)
[015/60] loss=0.0849 val_loss=0.0779 intent=0.9024 slot=0.8331 exact=0.5451 mf1=0.8473 lr=2.80e-03 (3.8s)
[016/60] loss=0.0763 val_loss=0.0698 intent=0.9184 slot=0.8773 exact=0.6027 mf1=0.8679 lr=2.75e-03 (4.3s)
[017/60] loss=0.0667 val_loss=0.0745 intent=0.8805 slot=0.8971 exact=0.5931 mf1=0.8482 lr=2.70e-03 (3.6s)
[018/60] loss=0.0673 val_loss=0.0524 intent=0.9317 slot=0.8949 exact=0.7307 mf1=0.8980 lr=2.65e-03 (3.4s)
[019/60] loss=0.0579 val_loss=0.0608 intent=0.9355 slot=0.9163 exact=0.7269 mf1=0.9017 lr=2.59e-03 (3.2s)
[020/60] loss=0.0515 val_loss=0.0474 intent=0.9552 slot=0.9493 exact=0.7845 mf1=0.9193 lr=2.53e-03 (3.2s)
[021/60] loss=0.0470 val_loss=0.0554 intent=0.9515 slot=0.9499 exact=0.7973 mf1=0.9201 lr=2.46e-03 (3.4s)
[022/60] loss=0.0464 val_loss=0.0496 intent=0.9589 slot=0.9541 exact=0.7963 mf1=0.9219 lr=2.39e-03 (3.2s)
[023/60] loss=0.0466 val_loss=0.0400 intent=0.9589 slot=0.9461 exact=0.8437 mf1=0.9341 lr=2.32e-03 (3.2s)
[024/60] loss=0.0403 val_loss=0.0346 intent=0.9707 slot=0.9563 exact=0.8672 mf1=0.9480 lr=2.25e-03 (3.4s)
[025/60] loss=0.0392 val_loss=0.0434 intent=0.9664 slot=0.9536 exact=0.8581 mf1=0.9427 lr=2.17e-03 (3.2s)
[026/60] loss=0.0353 val_loss=0.0387 intent=0.9675 slot=0.9525 exact=0.8816 mf1=0.9541 lr=2.09e-03 (3.2s)
[027/60] loss=0.0312 val_loss=0.0452 intent=0.9701 slot=0.9541 exact=0.8757 mf1=0.9517 lr=2.01e-03 (3.2s)
[028/60] loss=0.0266 val_loss=0.0350 intent=0.9712 slot=0.9648 exact=0.9045 mf1=0.9606 lr=1.93e-03 (3.2s)
[029/60] loss=0.0265 val_loss=0.0422 intent=0.9637 slot=0.9669 exact=0.8933 mf1=0.9563 lr=1.84e-03 (3.2s)
[030/60] loss=0.0255 val_loss=0.0416 intent=0.9717 slot=0.9707 exact=0.9045 mf1=0.9580 lr=1.76e-03 (3.4s)
[031/60] loss=0.0286 val_loss=0.0454 intent=0.9723 slot=0.9680 exact=0.9120 mf1=0.9623 lr=1.67e-03 (3.2s)
[032/60] loss=0.0259 val_loss=0.0347 intent=0.9707 slot=0.9744 exact=0.9173 mf1=0.9660 lr=1.59e-03 (3.2s)
[033/60] loss=0.0236 val_loss=0.0478 intent=0.9755 slot=0.9728 exact=0.9184 mf1=0.9671 lr=1.50e-03 (3.3s)
[034/60] loss=0.0238 val_loss=0.0375 intent=0.9739 slot=0.9771 exact=0.9125 mf1=0.9643 lr=1.41e-03 (3.3s)
[035/60] loss=0.0229 val_loss=0.0453 intent=0.9739 slot=0.9776 exact=0.9237 mf1=0.9679 lr=1.32e-03 (3.3s)
[036/60] loss=0.0212 val_loss=0.0541 intent=0.9728 slot=0.9845 exact=0.9221 mf1=0.9702 lr=1.24e-03 (3.2s)
[037/60] loss=0.0201 val_loss=0.0432 intent=0.9685 slot=0.9739 exact=0.9163 mf1=0.9649 lr=1.15e-03 (3.2s)
[038/60] loss=0.0177 val_loss=0.0376 intent=0.9696 slot=0.9696 exact=0.9173 mf1=0.9655 lr=1.07e-03 (3.2s)
[039/60] loss=0.0167 val_loss=0.0482 intent=0.9760 slot=0.9829 exact=0.9440 mf1=0.9740 lr=9.86e-04 (3.3s)
[040/60] loss=0.0169 val_loss=0.0351 intent=0.9781 slot=0.9787 exact=0.9301 mf1=0.9713 lr=9.04e-04 (3.2s)
[041/60] loss=0.0155 val_loss=0.0353 intent=0.9723 slot=0.9813 exact=0.9333 mf1=0.9719 lr=8.25e-04 (3.2s)
[042/60] loss=0.0160 val_loss=0.0385 intent=0.9787 slot=0.9813 exact=0.9333 mf1=0.9726 lr=7.49e-04 (3.2s)
[043/60] loss=0.0146 val_loss=0.0352 intent=0.9776 slot=0.9845 exact=0.9381 mf1=0.9734 lr=6.74e-04 (3.2s)
[044/60] loss=0.0138 val_loss=0.0452 intent=0.9781 slot=0.9819 exact=0.9376 mf1=0.9735 lr=6.03e-04 (3.2s)
[045/60] loss=0.0126 val_loss=0.0420 intent=0.9803 slot=0.9867 exact=0.9509 mf1=0.9793 lr=5.35e-04 (3.3s)
[046/60] loss=0.0120 val_loss=0.0423 intent=0.9792 slot=0.9840 exact=0.9435 mf1=0.9778 lr=4.70e-04 (3.2s)
[047/60] loss=0.0123 val_loss=0.0397 intent=0.9776 slot=0.9851 exact=0.9477 mf1=0.9775 lr=4.08e-04 (3.2s)
[048/60] loss=0.0124 val_loss=0.0370 intent=0.9776 slot=0.9872 exact=0.9504 mf1=0.9786 lr=3.50e-04 (3.2s)
[049/60] loss=0.0117 val_loss=0.0379 intent=0.9819 slot=0.9877 exact=0.9536 mf1=0.9817 lr=2.96e-04 (3.2s)
[050/60] loss=0.0107 val_loss=0.0361 intent=0.9829 slot=0.9867 exact=0.9547 mf1=0.9816 lr=2.46e-04 (3.2s)
[051/60] loss=0.0111 val_loss=0.0357 intent=0.9803 slot=0.9877 exact=0.9504 mf1=0.9793 lr=2.00e-04 (3.2s)
[052/60] loss=0.0097 val_loss=0.0366 intent=0.9813 slot=0.9888 exact=0.9536 mf1=0.9810 lr=1.59e-04 (3.4s)
[053/60] loss=0.0096 val_loss=0.0344 intent=0.9808 slot=0.9904 exact=0.9568 mf1=0.9819 lr=1.22e-04 (3.2s)
[054/60] loss=0.0096 val_loss=0.0340 intent=0.9808 slot=0.9883 exact=0.9563 mf1=0.9821 lr=8.99e-05 (3.2s)
[055/60] loss=0.0103 val_loss=0.0342 intent=0.9819 slot=0.9883 exact=0.9531 mf1=0.9806 lr=6.26e-05 (3.2s)
[056/60] loss=0.0100 val_loss=0.0344 intent=0.9813 slot=0.9883 exact=0.9531 mf1=0.9804 lr=4.01e-05 (3.3s)
[057/60] loss=0.0094 val_loss=0.0345 intent=0.9829 slot=0.9888 exact=0.9552 mf1=0.9811 lr=2.25e-05 (3.2s)
[058/60] loss=0.0099 val_loss=0.0344 intent=0.9824 slot=0.9888 exact=0.9568 mf1=0.9816 lr=9.98e-06 (3.6s)
[059/60] loss=0.0098 val_loss=0.0344 intent=0.9824 slot=0.9888 exact=0.9563 mf1=0.9815 lr=2.46e-06 (3.7s)
[060/60] loss=0.0097 val_loss=0.0345 intent=0.9824 slot=0.9888 exact=0.9563 mf1=0.9815 lr=1.28e-08 (3.6s)
{
  "best_epoch": 50,
  "best_val_intent_acc": 0.9829333333333333,
  "epochs_run": 60,
  "parameters": 123496,
  "keywords": 40,
  "gpu": "1",
  "final_val": {
    "epoch": 60,
    "train_loss": 0.009692166294706496,
    "loss": 0.03448036420742671,
    "exact_match": 0.9562666666666667,
    "keyword_macro_f1": 0.9815132021903992,
    "keyword_micro_p": 0.9764164686203003,
    "keyword_micro_r": 0.9918200373649597,
    "intent_acc": 0.9824,
    "slot_acc": 0.9888,
    "n": 1875,
    "lr": 1.2781307517440925e-08,
    "seconds": 3.6326255798339844
  }
}
[train] using GPU 1 (CUDA_VISIBLE_DEVICES pinned inside the script)
[train] CUDA_VISIBLE_DEVICES=1 device=cuda n_gpu=1
[train] using GPU 0 -> NVIDIA A100-SXM4-40GB
[train] train=14752 val=1875
[train] parameters=123303
[001/60] loss=4.0879 val_loss=3.8590 intent=0.1824 slot=0.0000 lr=3.14e-04 (5.1s)
[002/60] loss=3.5642 val_loss=3.2677 intent=0.2635 slot=0.0716 lr=8.44e-04 (3.1s)
[003/60] loss=3.1387 val_loss=2.9829 intent=0.3211 slot=0.0850 lr=1.57e-03 (3.1s)
[004/60] loss=2.7739 val_loss=2.4652 intent=0.4885 slot=0.2077 lr=2.29e-03 (3.2s)
[005/60] loss=2.1534 val_loss=1.5345 intent=0.6939 slot=0.3993 lr=2.81e-03 (3.1s)
[006/60] loss=1.3469 val_loss=0.9616 intent=0.8197 slot=0.6723 lr=3.00e-03 (3.0s)
[007/60] loss=0.8564 val_loss=0.5522 intent=0.9307 slot=0.7681 lr=3.00e-03 (3.1s)
[008/60] loss=0.5783 val_loss=0.4054 intent=0.9403 slot=0.8093 lr=2.99e-03 (3.2s)
[009/60] loss=0.4081 val_loss=0.2321 intent=0.9696 slot=0.8881 lr=2.98e-03 (3.2s)
[010/60] loss=0.3146 val_loss=0.2357 intent=0.9643 slot=0.8782 lr=2.96e-03 (3.2s)
[011/60] loss=0.2450 val_loss=0.1669 intent=0.9771 slot=0.9105 lr=2.94e-03 (3.1s)
[012/60] loss=0.2016 val_loss=0.1356 intent=0.9765 slot=0.9445 lr=2.91e-03 (3.1s)
[013/60] loss=0.1620 val_loss=0.1137 intent=0.9824 slot=0.9597 lr=2.88e-03 (3.2s)
[014/60] loss=0.1465 val_loss=0.0902 intent=0.9829 slot=0.9722 lr=2.84e-03 (3.1s)
[015/60] loss=0.1265 val_loss=0.0957 intent=0.9835 slot=0.9669 lr=2.80e-03 (3.2s)
[016/60] loss=0.1119 val_loss=0.0975 intent=0.9808 slot=0.9687 lr=2.75e-03 (3.2s)
[017/60] loss=0.0972 val_loss=0.1101 intent=0.9803 slot=0.9624 lr=2.70e-03 (3.1s)
[018/60] loss=0.0832 val_loss=0.0815 intent=0.9867 slot=0.9633 lr=2.65e-03 (3.3s)
[019/60] loss=0.0744 val_loss=0.0761 intent=0.9851 slot=0.9714 lr=2.59e-03 (3.2s)
[020/60] loss=0.0625 val_loss=0.0610 intent=0.9888 slot=0.9767 lr=2.53e-03 (3.1s)
[021/60] loss=0.0610 val_loss=0.0813 intent=0.9840 slot=0.9857 lr=2.46e-03 (3.1s)
[022/60] loss=0.0569 val_loss=0.0649 intent=0.9877 slot=0.9785 lr=2.39e-03 (3.1s)
[023/60] loss=0.0535 val_loss=0.0697 intent=0.9872 slot=0.9714 lr=2.32e-03 (3.1s)
[024/60] loss=0.0476 val_loss=0.0697 intent=0.9877 slot=0.9740 lr=2.25e-03 (3.1s)
[025/60] loss=0.0427 val_loss=0.0613 intent=0.9909 slot=0.9794 lr=2.17e-03 (3.1s)
[026/60] loss=0.0455 val_loss=0.0632 intent=0.9899 slot=0.9731 lr=2.09e-03 (3.1s)
[027/60] loss=0.0343 val_loss=0.0572 intent=0.9877 slot=0.9758 lr=2.01e-03 (3.1s)
[028/60] loss=0.0343 val_loss=0.0498 intent=0.9904 slot=0.9812 lr=1.93e-03 (3.1s)
[029/60] loss=0.0285 val_loss=0.0447 intent=0.9931 slot=0.9812 lr=1.84e-03 (3.1s)
[030/60] loss=0.0263 val_loss=0.0565 intent=0.9909 slot=0.9785 lr=1.76e-03 (3.1s)
[031/60] loss=0.0259 val_loss=0.0604 intent=0.9909 slot=0.9794 lr=1.67e-03 (3.2s)
[032/60] loss=0.0290 val_loss=0.0477 intent=0.9915 slot=0.9857 lr=1.59e-03 (3.1s)
[033/60] loss=0.0260 val_loss=0.0668 intent=0.9872 slot=0.9696 lr=1.50e-03 (3.2s)
[034/60] loss=0.0222 val_loss=0.0502 intent=0.9904 slot=0.9875 lr=1.41e-03 (3.3s)
[035/60] loss=0.0221 val_loss=0.0482 intent=0.9909 slot=0.9857 lr=1.32e-03 (3.3s)
[036/60] loss=0.0209 val_loss=0.0703 intent=0.9893 slot=0.9758 lr=1.24e-03 (3.2s)
[037/60] loss=0.0224 val_loss=0.0387 intent=0.9931 slot=0.9866 lr=1.15e-03 (3.2s)
[038/60] loss=0.0202 val_loss=0.0367 intent=0.9936 slot=0.9857 lr=1.07e-03 (3.3s)
[039/60] loss=0.0187 val_loss=0.0434 intent=0.9952 slot=0.9848 lr=9.86e-04 (3.3s)
[040/60] loss=0.0173 val_loss=0.0524 intent=0.9899 slot=0.9803 lr=9.04e-04 (3.2s)
[041/60] loss=0.0155 val_loss=0.0436 intent=0.9936 slot=0.9884 lr=8.25e-04 (3.2s)
[042/60] loss=0.0167 val_loss=0.0428 intent=0.9920 slot=0.9875 lr=7.49e-04 (3.1s)
[043/60] loss=0.0123 val_loss=0.0340 intent=0.9952 slot=0.9893 lr=6.74e-04 (3.1s)
[044/60] loss=0.0132 val_loss=0.0387 intent=0.9920 slot=0.9875 lr=6.03e-04 (3.1s)
[045/60] loss=0.0117 val_loss=0.0392 intent=0.9941 slot=0.9839 lr=5.35e-04 (3.2s)
[046/60] loss=0.0103 val_loss=0.0357 intent=0.9947 slot=0.9866 lr=4.70e-04 (3.2s)
[047/60] loss=0.0113 val_loss=0.0357 intent=0.9952 slot=0.9902 lr=4.08e-04 (3.1s)
[048/60] loss=0.0095 val_loss=0.0383 intent=0.9941 slot=0.9875 lr=3.50e-04 (3.1s)
[049/60] loss=0.0107 val_loss=0.0363 intent=0.9947 slot=0.9866 lr=2.96e-04 (3.1s)
[050/60] loss=0.0107 val_loss=0.0328 intent=0.9957 slot=0.9893 lr=2.46e-04 (3.1s)
[051/60] loss=0.0106 val_loss=0.0377 intent=0.9936 slot=0.9884 lr=2.00e-04 (3.1s)
[052/60] loss=0.0092 val_loss=0.0342 intent=0.9947 slot=0.9884 lr=1.59e-04 (3.1s)
[053/60] loss=0.0092 val_loss=0.0337 intent=0.9941 slot=0.9910 lr=1.22e-04 (3.1s)
[054/60] loss=0.0091 val_loss=0.0349 intent=0.9941 slot=0.9875 lr=8.99e-05 (3.2s)
[055/60] loss=0.0086 val_loss=0.0363 intent=0.9941 slot=0.9884 lr=6.26e-05 (3.2s)
[056/60] loss=0.0078 val_loss=0.0356 intent=0.9947 slot=0.9884 lr=4.01e-05 (3.1s)
[057/60] loss=0.0086 val_loss=0.0357 intent=0.9947 slot=0.9893 lr=2.25e-05 (3.1s)
[058/60] loss=0.0107 val_loss=0.0355 intent=0.9947 slot=0.9893 lr=9.98e-06 (3.1s)
[059/60] loss=0.0096 val_loss=0.0353 intent=0.9941 slot=0.9893 lr=2.46e-06 (3.1s)
[060/60] loss=0.0091 val_loss=0.0353 intent=0.9941 slot=0.9893 lr=1.28e-08 (3.2s)
{
  "best_epoch": 50,
  "best_val_intent_acc": 0.9957333333333334,
  "epochs_run": 60,
  "parameters": 123303,
  "gpu": "1",
  "final_val": {
    "epoch": 60,
    "train_loss": 0.00909051456357957,
    "loss": 0.0353200421889623,
    "intent_acc": 0.9941333333333333,
    "slot_acc_all": 0.992,
    "slot_acc_relevant": 0.9892569382273948,
    "n": 1875,
    "lr": 1.2781307517440925e-08,
    "seconds": 3.1573703289031982
  }
}
[eval] test-split metrics
[command] split=2 n=1842 intent_acc=0.9984 macro_f1=0.9974 slot_acc=0.9938
[wake] split=2 n=3658 TPR@thr=0.9954 FAR@thr=0.00105 thr=0.819 EER=0.0033
{
  "command": {
    "split": 2,
    "n_samples": 1842,
    "intent_accuracy": 0.998371335504886,
    "top2_accuracy": 0.999457111834962,
    "macro_f1": 0.9974141713006994,
    "slot_accuracy": 0.99375,
    "slot_accuracy_all_including_none": 0.996199782844734,
    "slot_accuracy_when_intent_correct": 0.99375,
    "n_slot_samples": 1120,
    "best_epoch": 50,
    "per_class_f1": {
      "PLAY_MUSIC": 0.9915,
      "WEATHER": 1.0,
      "TIME": 0.9808,
      "LIGHT_ON": 1.0,
      "LIGHT_OFF": 1.0,
      "PAUSE": 1.0,
      "STOP": 0.9908,
      "NEXT": 1.0,
      "VOLUME_UP": 1.0,
      "VOLUME_DOWN": 1.0,
      "CALL": 0.9907,
      "MESSAGE": 1.0,
      "LIST_REMINDERS": 1.0,
      "TIMER": 0.9972,
      "ALARM": 1.0,
      "TEMPERATURE": 1.0,
      "BRIGHTNESS": 1.0,
      "COLOR": 1.0,
      "CREATE_REMINDER": 1.0
    },
    "per_class_support": {
      "PLAY_MUSIC": 58,
      "WEATHER": 52,
      "TIME": 53,
      "LIGHT_ON": 54,
      "LIGHT_OFF": 58,
      "PAUSE": 55,
      "STOP": 54,
      "NEXT": 59,
      "VOLUME_UP": 59,
      "VOLUME_DOWN": 52,
      "CALL": 54,
      "MESSAGE": 57,
      "LIST_REMINDERS": 57,
      "TIMER": 176,
      "ALARM": 173,
      "TEMPERATURE": 180,
      "BRIGHTNESS": 180,
      "COLOR": 231,
      "CREATE_REMINDER": 180
    }
  },
  "wake": {
    "split": 2,
    "n_samples": 3658,
    "n_positive": 1754,
    "n_negative": 1904,
    "threshold": 0.8193860650062561,
    "tpr_at_threshold": 0.9954389965792474,
    "far_at_threshold": 0.0010504201680672268,
    "tpr_at_far_1pct": {
      "tpr": 1.0,
      "far": 0.009978991596638655,
      "threshold": 0.05
    },
    "tpr_at_far_0p1pct": {
      "tpr": 0.9954389965792474,
      "far": 0.0005252100840336134,
      "threshold": 0.86
    },
    "tpr_at_far_0p01pct": {
      "tpr": 0.9954389965792474,
      "far": 0.0,
      "threshold": 0.9
    },
    "equal_error_rate": 0.0032860065348830404,
    "best_epoch": 21
  }
}
[export] onnx
[export] parity {
  "command_intent_max_abs_diff": 2.4557113647460938e-05,
  "command_slot_max_abs_diff": 2.193450927734375e-05,
  "wake_max_abs_diff": 3.814697265625e-06,
  "command_argmax_equal": true,
  "keyword_max_abs_diff": 2.384185791015625e-05,
  "keyword_top1_equal": true
}
{
  "files": {
    "command.onnx": 506.9,
    "wake.onnx": 113.0,
    "keyword.onnx": 507.4
  },
  "parameters": {
    "command": 123303,
    "wake": 23665,
    "keyword": 123496
  },
  "wake_threshold": 0.8193860650062561
}
[done] artifacts in /home/rhei.joven.juan/rapi_vcm/out
/home/rhei.joven.juan/rapi_vcm/out:
total 1130
drwxrwxr-x  4 rhei.joven.juan rhei.joven.juan   4096 Sep 29 12:44 .
drwxrwxr-x 11 rhei.joven.juan rhei.joven.juan   4096 Oct  2 22:53 ..
-rw-rw-r--  1 rhei.joven.juan rhei.joven.juan 507700 Oct  2 23:01 command_best.pt
-rw-rw-r--  1 rhei.joven.juan rhei.joven.juan   3802 Oct  2 23:01 command_history.csv
-rw-rw-r--  1 rhei.joven.juan rhei.joven.juan    428 Oct  2 23:01 command_summary.json
-rw-rw-r--  1 rhei.joven.juan rhei.joven.juan 508592 Oct  2 22:57 keyword_best.pt
-rw-rw-r--  1 rhei.joven.juan rhei.joven.juan   4297 Oct  2 22:58 keyword_history.csv
-rw-rw-r--  1 rhei.joven.juan rhei.joven.juan    557 Oct  2 22:58 keyword_summary.json
-rw-rw-r--  1 rhei.joven.juan rhei.joven.juan   4110 Oct  2 22:57 keyword_val.json
drwxrwxr-x  2 rhei.joven.juan rhei.joven.juan   4096 Sep 29 12:50 metrics
drwxrwxr-x  2 rhei.joven.juan rhei.joven.juan   4096 Sep 29 12:50 onnx
-rw-rw-r--  1 rhei.joven.juan rhei.joven.juan 105473 Oct  2 16:21 wake_best.pt
-rw-rw-r--  1 rhei.joven.juan rhei.joven.juan   2150 Oct  2 16:22 wake_history.csv
-rw-rw-r--  1 rhei.joven.juan rhei.joven.juan    407 Oct  2 16:22 wake_summary.json

/home/rhei.joven.juan/rapi_vcm/out/metrics:
total 171
drwxrwxr-x 2 rhei.joven.juan rhei.joven.juan  4096 Sep 29 12:50 .
drwxrwxr-x 4 rhei.joven.juan rhei.joven.juan  4096 Sep 29 12:44 ..
-rw-rw-r-- 1 rhei.joven.juan rhei.joven.juan 75424 Oct  2 23:01 command_confusion.png
-rw-rw-r-- 1 rhei.joven.juan rhei.joven.juan   542 Oct  2 23:01 command_per_class.csv
-rw-rw-r-- 1 rhei.joven.juan rhei.joven.juan 76957 Oct  2 16:32 keyword_confusion.png
-rw-rw-r-- 1 rhei.joven.juan rhei.joven.juan  2856 Oct  2 16:32 keyword_metrics.json
-rw-rw-r-- 1 rhei.joven.juan rhei.joven.juan   587 Oct  2 16:32 keyword_per_class.csv
-rw-rw-r-- 1 rhei.joven.juan rhei.joven.juan  1124 Oct  2 16:32 keyword_per_keyword.csv
-rw-rw-r-- 1 rhei.joven.juan rhei.joven.juan  1939 Oct  2 23:01 metrics.json
-rw-rw-r-- 1 rhei.joven.juan rhei.joven.juan  4470 Oct  2 23:01 wake_thresholds.csv

/home/rhei.joven.juan/rapi_vcm/out/onnx:
total 1140
drwxrwxr-x 2 rhei.joven.juan rhei.joven.juan   4096 Sep 29 12:50 .
drwxrwxr-x 4 rhei.joven.juan rhei.joven.juan   4096 Sep 29 12:44 ..
-rw-rw-r-- 1 rhei.joven.juan rhei.joven.juan 519066 Oct  2 23:02 command.onnx
-rw-rw-r-- 1 rhei.joven.juan rhei.joven.juan 519606 Oct  2 23:02 keyword.onnx
-rw-rw-r-- 1 rhei.joven.juan rhei.joven.juan   3133 Oct  2 23:02 model_card.json
-rw-rw-r-- 1 rhei.joven.juan rhei.joven.juan 115735 Oct  2 23:02 wake.onnx
[eval] keyword spotter on the test split
[keyword] split=2 n=1842 thr=per-keyword (per-keyword (greedy, intent acc), val 0.9888 (global 0.9851 @ 0.75))
[keyword] micro P/R=0.9920/0.9953 macro_f1=0.9924 exact=0.9815 intent_acc=0.9929 slot_acc=0.9946
[compare] softmax baseline intent=0.998371335504886 vs keyword 0.9929
{
  "split": 2,
  "n_samples": 1842,
  "threshold": 0.75,
  "threshold_source": "per-keyword (greedy, intent acc), val 0.9888 (global 0.9851 @ 0.75)",
  "keyword_thresholds": [
    0.75,
    0.75,
    0.75,
    0.75,
    0.65,
    0.75,
    0.75,
    0.2,
    0.2,
    0.75,
    0.75,
    0.25,
    0.75,
    0.75,
    0.55,
    0.75,
    0.75,
    0.75,
    0.75,
    0.75,
    0.75,
    0.75,
    0.75,
    0.75,
    0.75,
    0.75,
    0.75,
    0.75,
    0.75,
    0.75,
    0.75,
    0.75,
    0.75,
    0.75,
    0.75,
    0.75,
    0.75,
    0.75,
    0.75,
    0.75
  ],
  "keyword_micro_precision": 0.9920377469772929,
  "keyword_micro_recall": 0.9952662721893492,
  "keyword_macro_f1": 0.9923936022331796,
  "keyword_exact_match": 0.9815418023887079,
  "intent_accuracy": 0.992942453854506,
  "slot_accuracy": 0.9946428571428572,
  "slot_accuracy_all_including_none": 0.995656894679696,
  "n_slot_samples": 1120,
  "macro_f1_downstream": 0.9900794087605407,
  "best_epoch": 50
}
[export] onnx
[export] parity {
  "command_intent_max_abs_diff": 2.6702880859375e-05,
  "command_slot_max_abs_diff": 2.3365020751953125e-05,
  "wake_max_abs_diff": 3.814697265625e-06,
  "command_argmax_equal": true,
  "keyword_max_abs_diff": 3.910064697265625e-05,
  "keyword_top1_equal": true
}
{
  "files": {
    "command.onnx": 506.9,
    "wake.onnx": 113.0,
    "keyword.onnx": 507.4
  },
  "parameters": {
    "command": 123303,
    "wake": 23665,
    "keyword": 123496
  },
  "wake_threshold": 0.8193860650062561
}
total 1140
drwxrwxr-x 2 rhei.joven.juan rhei.joven.juan   4096 Sep 29 12:50 .
drwxrwxr-x 4 rhei.joven.juan rhei.joven.juan   4096 Sep 29 12:44 ..
-rw-rw-r-- 1 rhei.joven.juan rhei.joven.juan 519066 Oct  2 23:02 command.onnx
-rw-rw-r-- 1 rhei.joven.juan rhei.joven.juan 519606 Oct  2 23:02 keyword.onnx
-rw-rw-r-- 1 rhei.joven.juan rhei.joven.juan   3132 Oct  2 23:02 model_card.json
-rw-rw-r-- 1 rhei.joven.juan rhei.joven.juan 115735 Oct  2 23:02 wake.onnx
RETRAIN_ALL_DONE
